2025-04-04 13:11:01.301823 - Received CBT.V508.FILE642.PDS from FILE642.XMI 
2025-04-04 13:11:01.302838 - Found $$$#DATE.txt (text/plain) in CBT.V508.FILE642.PDS, moved to PDS/$$$#DATE
2025-04-04 13:11:01.303027 - Found $$NOTE1.eml (message/rfc822) in CBT.V508.FILE642.PDS, moved to PDS/$$NOTE1
2025-04-04 13:11:01.303168 - Found $$NOTE2.txt (text/plain) in CBT.V508.FILE642.PDS, moved to PDS/$$NOTE2
2025-04-04 13:11:01.303291 - Found $$NOTE3.txt (text/plain) in CBT.V508.FILE642.PDS, moved to PDS/$$NOTE3
2025-04-04 13:11:01.303417 - Found $PDSLOAD.jcl (text/plain) in CBT.V508.FILE642.PDS, moved to PDS/$PDSLOAD
2025-04-04 13:11:01.303589 - Found $README.txt (text/plain) in CBT.V508.FILE642.PDS, moved to PDS/$README
2025-04-04 13:11:01.303724 - Found @FILE642.txt (text/plain) in CBT.V508.FILE642.PDS, moved to PDS/@FILE642
2025-04-04 13:11:01.303928 - Found AFCLOGR1.txt (text/plain) in CBT.V508.FILE642.PDS, moved to PDS/AFCLOGR1
2025-04-04 13:11:01.304045 - Found AFCLOGSC.txt (text/plain) in CBT.V508.FILE642.PDS, moved to PDS/AFCLOGSC
2025-04-04 13:11:01.304180 - Found AFCSMP1.txt (text/plain) in CBT.V508.FILE642.PDS, moved to PDS/AFCSMP1
2025-04-04 13:11:01.304309 - Found ASMINFO.txt (text/plain) in CBT.V508.FILE642.PDS, moved to PDS/ASMINFO
2025-04-04 13:11:01.304454 - Found ASMJCL.jcl (text/plain) in CBT.V508.FILE642.PDS, moved to PDS/ASMJCL
2025-04-04 13:11:01.304612 - Found BR2JMP.txt (text/plain) in CBT.V508.FILE642.PDS, moved to PDS/BR2JMP
2025-04-04 13:11:01.304791 - Found CLEAR.txt (text/plain) in CBT.V508.FILE642.PDS, moved to PDS/CLEAR
2025-04-04 13:11:01.305086 - Found EXECJCL.jcl (text/plain) in CBT.V508.FILE642.PDS, moved to PDS/EXECJCL
2025-04-04 13:11:01.305207 - Found INR.txt (text/plain) in CBT.V508.FILE642.PDS, moved to PDS/INR
2025-04-04 13:11:01.305368 - Found OUTR.txt (text/plain) in CBT.V508.FILE642.PDS, moved to PDS/OUTR
2025-04-04 13:11:01.305514 - Found PDSLOAD.xmi (application/xmit) in CBT.V508.FILE642.PDS, moved to PDS/PDSLOAD.xmi
2025-04-04 13:11:01.310303 - Received WSBG.LOAD from PDSLOAD.xmi 
2025-04-04 13:11:01.310693 - Found PDSLOAD.bin (application/octet-stream) in WSBG.LOAD, moved to PDSLOAD/PDSLOAD
